Error: Function _ZN14regex_automata4meta8strategy3new17ha104b0cc43f3a3fcE Stack offset of 5984 exceeded max offset of 4096 by 1888 bytes, please minimize large stack variables. Estimated function frame size: 10304 bytes. Exceeding the maximum stack offset may cause undefined behavior during execution.

warning: unexpected `cfg` condition value: `custom-heap`
 --> programs/memebet-arena/src/lib.rs:6:1
  |
6 | #[program]
  | ^^^^^^^^^^
  |
  = note: expected values for `feature` are: `cpi`, `default`, `idl-build`, `no-entrypoint`, `no-idl`, and `no-log-ix-name`
  = help: consider adding `custom-heap` as a feature in `Cargo.toml`
  = note: see <https://doc.rust-lang.org/nightly/rustc/check-cfg/cargo-specifics.html> for more information about checking conditional configuration
  = note: `#[warn(unexpected_cfgs)]` on by default
  = note: this warning originates in the macro `$crate::custom_heap_default` which comes from the expansion of the attribute macro `program` (in Nightly builds, run with -Z macro-backtrace for more info)

warning: unexpected `cfg` condition value: `custom-panic`
 --> programs/memebet-arena/src/lib.rs:6:1
  |
6 | #[program]
  | ^^^^^^^^^^
  |
  = note: expected values for `feature` are: `cpi`, `default`, `idl-build`, `no-entrypoint`, `no-idl`, and `no-log-ix-name`
  = help: consider adding `custom-panic` as a feature in `Cargo.toml`
  = note: see <https://doc.rust-lang.org/nightly/rustc/check-cfg/cargo-specifics.html> for more information about checking conditional configuration
  = note: this warning originates in the macro `$crate::custom_panic_default` which comes from the expansion of the attribute macro `program` (in Nightly builds, run with -Z macro-backtrace for more info)

warning: unexpected `cfg` condition value: `anchor-debug`
 --> programs/memebet-arena/src/lib.rs:6:1
  |
6 | #[program]
  | ^^^^^^^^^^
  |
  = note: expected values for `feature` are: `cpi`, `default`, `idl-build`, `no-entrypoint`, `no-idl`, and `no-log-ix-name`
  = help: consider adding `anchor-debug` as a feature in `Cargo.toml`
  = note: see <https://doc.rust-lang.org/nightly/rustc/check-cfg/cargo-specifics.html> for more information about checking conditional configuration
  = note: this warning originates in the attribute macro `program` (in Nightly builds, run with -Z macro-backtrace for more info)

warning: unexpected `cfg` condition value: `anchor-debug`
 --> programs/memebet-arena/src/lib.rs:6:1
  |
6 | #[program]
  | ^^^^^^^^^^
  |
  = note: expected values for `feature` are: `cpi`, `default`, `idl-build`, `no-entrypoint`, `no-idl`, and `no-log-ix-name`
  = help: consider adding `anchor-debug` as a feature in `Cargo.toml`
  = note: see <https://doc.rust-lang.org/nightly/rustc/check-cfg/cargo-specifics.html> for more information about checking conditional configuration
  = note: this warning originates in the derive macro `Accounts` (in Nightly builds, run with -Z macro-backtrace for more info)

warning: unexpected `cfg` condition value: `anchor-debug`
   --> programs/memebet-arena/src/lib.rs:180:10
    |
180 | #[derive(Accounts)]
    |          ^^^^^^^^
    |
    = note: expected values for `feature` are: `cpi`, `default`, `idl-build`, `no-entrypoint`, `no-idl`, and `no-log-ix-name`
    = help: consider adding `anchor-debug` as a feature in `Cargo.toml`
    = note: see <https://doc.rust-lang.org/nightly/rustc/check-cfg/cargo-specifics.html> for more information about checking conditional configuration
    = note: this warning originates in the derive macro `Accounts` (in Nightly builds, run with -Z macro-backtrace for more info)

warning: unexpected `cfg` condition value: `anchor-debug`
   --> programs/memebet-arena/src/lib.rs:190:10
    |
190 | #[derive(Accounts)]
    |          ^^^^^^^^
    |
    = note: expected values for `feature` are: `cpi`, `default`, `idl-build`, `no-entrypoint`, `no-idl`, and `no-log-ix-name`
    = help: consider adding `anchor-debug` as a feature in `Cargo.toml`
    = note: see <https://doc.rust-lang.org/nightly/rustc/check-cfg/cargo-specifics.html> for more information about checking conditional configuration
    = note: this warning originates in the derive macro `Accounts` (in Nightly builds, run with -Z macro-backtrace for more info)

warning: unexpected `cfg` condition value: `anchor-debug`
   --> programs/memebet-arena/src/lib.rs:203:10
    |
203 | #[derive(Accounts)]
    |          ^^^^^^^^
    |
    = note: expected values for `feature` are: `cpi`, `default`, `idl-build`, `no-entrypoint`, `no-idl`, and `no-log-ix-name`
    = help: consider adding `anchor-debug` as a feature in `Cargo.toml`
    = note: see <https://doc.rust-lang.org/nightly/rustc/check-cfg/cargo-specifics.html> for more information about checking conditional configuration
    = note: this warning originates in the derive macro `Accounts` (in Nightly builds, run with -Z macro-backtrace for more info)

warning: unexpected `cfg` condition value: `anchor-debug`
   --> programs/memebet-arena/src/lib.rs:210:10
    |
210 | #[derive(Accounts)]
    |          ^^^^^^^^
    |
    = note: expected values for `feature` are: `cpi`, `default`, `idl-build`, `no-entrypoint`, `no-idl`, and `no-log-ix-name`
    = help: consider adding `anchor-debug` as a feature in `Cargo.toml`
    = note: see <https://doc.rust-lang.org/nightly/rustc/check-cfg/cargo-specifics.html> for more information about checking conditional configuration
    = note: this warning originates in the derive macro `Accounts` (in Nightly builds, run with -Z macro-backtrace for more info)

warning: `memebet-arena` (lib) generated 13 warnings (5 duplicates)
    Finished `release` profile [optimized] target(s) in 1.91s
    Finished `test` profile [unoptimized + debuginfo] target(s) in 0.90s
     Running unittests src/lib.rs (/home/caesa/memebet-arena/target/debug/deps/memebet_arena-72d3cac5dc3e5120)

Found a 'test' script in the Anchor.toml. Running it as a test suite!

Running test suite: "/home/caesa/memebet-arena/Anchor.toml"

Unable to get latest blockhash. Test validator does not look started. Check ".anchor/test-ledger/test-ledger-log.txt" for errors. Consider increasing [test.startup_wait] in Anchor.toml.
